Microchip MPLAB XC8 Compiler V2.40

Linker command line:

-W-3 --edf=/opt/microchip/xc8/v2.40/pic/dat/20220703182018_en.msgs -cn \
  -h+dist/default/production/testuart.X.production.sym \
  --cmf=dist/default/production/testuart.X.production.cmf -z -Q16F628A \
  -o/tmp/xcXJPHkFK --defsym=__MPLAB_BUILD=1 --fixupoverflow=error \
  -Mdist/default/production/testuart.X.production.map \
  --md=/tmp/xcXNBgKmD.dat -E1 -ver=XC8 Compiler --acfsm=1493 \
  -ACODE=00h-07FFh -ASTRCODE=00h-07FFh -ASTRING=00h-0FFhx8 \
  -ACONST=00h-0FFhx8 -AENTRY=00h-0FFhx8 -ACOMMON=070h-07Fh \
  -ABANK0=020h-06Fh -ABANK1=0A0h-0EFh -ABANK2=0120h-014Fh \
  -ARAM=020h-06Fh,0A0h-0EFh,0120h-014Fh \
  -AABS1=020h-07Fh,0A0h-0EFh,0120h-014Fh -ASFR0=00h-01Fh -ASFR1=080h-09Fh \
  -ASFR2=0100h-011Fh -ASFR3=0180h-01EFh -ACONFIG=02007h-02007h -DCONFIG=2 \
  -AIDLOC=02000h-02003h -DIDLOC=2 -AEEDATA=00h-07Fh/02100h \
  -peeprom_data=EEDATA -DEEDATA=2 -DCODE=2 -DSTRCODE=2 -DSTRING=2 -DCONST=2 \
  -DENTRY=2 -preset_vec=00h,intentry=04h,init,end_init -ppowerup=CODE \
  -pcinit=CODE -pfunctab=ENTRY -k /tmp/xcXkPMMfA.o \
  dist/default/production/testuart.X.production.o 

Object code version is 3.11

Machine type is 16F628A



                Name                               Link     Load   Length Selector   Space Scale
/tmp/xcXkPMMfA.o
                end_init                              E        E        1        8       0
                reset_vec                             0        0        1        0       0
                config                             2007     2007        1        0       4
                idloc                              2000     2000        4        0       5
dist/default/production/testuart.X.production.o
                cinit                                 F        F        B        8       0
                intentry                              4        4        A        8       0
                config                             2007     2007        1        0       4
                idloc                              2000     2000        4        0       5
                text6                               12D      12D        A      1D0       0
                text5                                5E       5E       37        8       0
                text4                               108      108       1B      1D0       0
                text3                               123      123        A      1D0       0
                text2                                E8       E8       20      1D0       0
                text1                                95       95       33        8       0
                maintext                             1A       1A       44        8       0
                cstackBANK0                          20       20        A       20       1
                cstackCOMMON                         70       70        9       70       1
                bssBANK0                             2A       2A        7       20       1
                strings                              C8       C8       20      190       0

TOTAL           Name                               Link     Load   Length     Space
        CLASS   CODE           
                end_init                              E        E        1         0
                cinit                                 F        F        B         0
                intentry                              4        4        A         0
                reset_vec                             0        0        1         0
                text6                               12D      12D        A         0
                text5                                5E       5E       37         0
                text4                               108      108       1B         0
                text3                               123      123        A         0
                text2                                E8       E8       20         0
                text1                                95       95       33         0
                maintext                             1A       1A       44         0

        CLASS   STRCODE        

        CLASS   STRING         
                strings                              C8       C8       20         0

        CLASS   CONST          

        CLASS   ENTRY          

        CLASS   COMMON         
                cstackCOMMON                         70       70        9         1

        CLASS   BANK0          
                cstackBANK0                          20       20        A         1
                bssBANK0                             2A       2A        7         1

        CLASS   BANK1          

        CLASS   BANK2          

        CLASS   RAM            

        CLASS   ABS1           
                abs_s1                               7E       7E        2         1

        CLASS   SFR0           

        CLASS   SFR1           

        CLASS   SFR2           

        CLASS   SFR3           

        CLASS   CONFIG         
                config                             2007     2007        1         4

        CLASS   IDLOC          
                idloc                              2000     2000        4         5

        CLASS   EEDATA         

        CLASS   BANK3          

        CLASS   STACK          



SEGMENTS        Name                           Load    Length   Top    Selector   Space  Class     Delta

                strings                        0000C8  000020  0000E8       190       0  STRING      2
                cstackBANK0                    000020  000011  000031        20       1  BANK0       1
                reset_vec                      000000  000001  000001         0       0  CODE        2
                text2                          0000E8  00004F  000137       1D0       0  CODE        2
                cstackCOMMON                   000070  000009  000079        70       1  COMMON      1
                intentry                       000004  0000C4  0000C8         8       0  CODE        2


UNUSED ADDRESS RANGES

        Name                Unused          Largest block    Delta
        BANK0            0031-006F             3F           1
        BANK1            00A0-00EF             50           1
        BANK2            0120-014F             30           1
        CODE             0001-0003              3           2
                         0137-07FF            6C9
        COMMON           0079-007D              5           1
        CONST            0001-0003              3           2
                         0137-07FF            100
        EEDATA           2100-217F             80           2
        ENTRY            0001-0003              3           2
                         0137-07FF            100
        RAM              0031-006F             3F           1
                         00A0-00EF             50
                         0120-014F             30
        SFR0             0000-001F             20           1
        SFR1             0080-009F             20           1
        SFR2             0100-011F             20           1
        SFR3             0180-01EF             70           1
        STRCODE          0001-0003              3           2
                         0137-07FF            6C9
        STRING           0001-0003              3           2
                         0137-07FF            100

                                  Symbol Table

?_strlen                    cstackCOMMON 0075
SendByteSerially@Byte       cstackCOMMON 0075
SendString@i                cstackBANK0  0025
SendString@str              cstackBANK0  0020
_BRGH                       (abs)        04C2
_CREN                       (abs)        00C4
_GIE                        (abs)        005F
_InitUART                   text4        0108
_PEIE                       (abs)        005E
_RB5                        (abs)        0035
_RCIE                       (abs)        0465
_RCIF                       (abs)        0065
_RCREG                      (abs)        001A
_RX9                        (abs)        00C6
_SPBRG                      (abs)        0099
_SPEN                       (abs)        00C7
_SREN                       (abs)        00C5
_SYNC                       (abs)        04C4
_SendByteSerially           text3        0123
_SendString                 text1        0095
_TRISB                      (abs)        0086
_TRISB1                     (abs)        0431
_TRISB2                     (abs)        0432
_TX9                        (abs)        04C6
_TX9D                       (abs)        04C0
_TXEN                       (abs)        04C5
_TXIE                       (abs)        0464
_TXIF                       (abs)        0064
_TXREG                      (abs)        0019
__Habs1                     abs1         0000
__Hbank0                    bank0        0000
__Hbank1                    bank1        0000
__Hbank2                    bank2        0000
__Hbank3                    bank3        0000
__HbssBANK0                 bssBANK0     0000
__Hcinit                    cinit        001A
__Hclrtext                  clrtext      0000
__Hcode                     code         0000
__Hcommon                   common       0000
__Hconfig                   config       2008
__HcstackBANK0              cstackBANK0  0000
__HcstackCOMMON             cstackCOMMON 0000
__Heeprom_data              eeprom_data  0000
__Hend_init                 end_init     000F
__Hfunctab                  functab      0000
__Hidloc                    idloc        2004
__Hinit                     init         000E
__Hintentry                 intentry     000E
__Hmaintext                 maintext     0000
__Hpowerup                  powerup      0000
__Hram                      ram          0000
__Hreset_vec                reset_vec    0001
__Hsfr0                     sfr0         0000
__Hsfr1                     sfr1         0000
__Hsfr2                     sfr2         0000
__Hsfr3                     sfr3         0000
__Hspace_0                  (abs)        0137
__Hspace_1                  (abs)        0079
__Hspace_2                  (abs)        0000
__Hspace_3                  (abs)        0000
__Hspace_4                  (abs)        400F
__Hstack                    stack        0000
__Hstrings                  strings      0000
__Htext                     text         0000
__Labs1                     abs1         0000
__Lbank0                    bank0        0000
__Lbank1                    bank1        0000
__Lbank2                    bank2        0000
__Lbank3                    bank3        0000
__LbssBANK0                 bssBANK0     0000
__Lcinit                    cinit        000F
__Lclrtext                  clrtext      0000
__Lcode                     code         0000
__Lcommon                   common       0000
__Lconfig                   config       0000
__LcstackBANK0              cstackBANK0  0000
__LcstackCOMMON             cstackCOMMON 0000
__Leeprom_data              eeprom_data  0000
__Lend_init                 end_init     000E
__Lfunctab                  functab      0000
__Lidloc                    idloc        0000
__Linit                     init         000E
__Lintentry                 intentry     0004
__Lmaintext                 maintext     0000
__Lpowerup                  powerup      0000
__Lram                      ram          0000
__Lreset_vec                reset_vec    0000
__Lsfr0                     sfr0         0000
__Lsfr1                     sfr1         0000
__Lsfr2                     sfr2         0000
__Lsfr3                     sfr3         0000
__Lspace_0                  (abs)        0000
__Lspace_1                  (abs)        0000
__Lspace_2                  (abs)        0000
__Lspace_3                  (abs)        0000
__Lspace_4                  (abs)        0000
__Lstack                    stack        0000
__Lstrings                  strings      0000
__Ltext                     text         0000
__S0                        (abs)        0137
__S1                        (abs)        0079
__S3                        (abs)        0000
___int_sp                   stack        0000
___latbits                  (abs)        0000
___sp                       stack        0000
___stackhi                  (abs)        0000
___stacklo                  (abs)        0000
__end_of_InitUART           text4        0123
__end_of_SendByteSerially   text3        012D
__end_of_SendString         text1        00C8
__end_of__initialization    cinit        0018
__end_of__stringtab         strings      00D8
__end_of_isr                text5        0095
__end_of_main               maintext     005E
__end_of_strlen             text2        0108
__end_ofi1_SendByteSerially text6        0137
__initialization            cinit        000F
__pbssBANK0                 bssBANK0     002A
__pcstackBANK0              cstackBANK0  0020
__pcstackCOMMON             cstackCOMMON 0070
__pintentry                 intentry     0004
__pmaintext                 maintext     001A
__pstrings                  strings      00C8
__ptext1                    text1        0095
__ptext2                    text2        00E8
__ptext3                    text3        0123
__ptext4                    text4        0108
__ptext5                    text5        005E
__ptext6                    text6        012D
__stringbase                strings      00D7
__stringtab                 strings      00C8
_cmdata                     bssBANK0     002A
_isr                        text5        005E
_main                       maintext     001A
_strlen                     text2        00E8
btemp                       (abs)        007E
end_of_initialization       cinit        0018
i1SendByteSerially@Byte     cstackCOMMON 0070
i1_SendByteSerially         text6        012D
interrupt_function          intentry     0004
intlevel0                   functab      0000
intlevel1                   functab      0000
intlevel2                   functab      0000
intlevel3                   functab      0000
intlevel4                   functab      0000
intlevel5                   functab      0000
reset_vec                   reset_vec    0000
saved_w                     (abs)        007E
start                       init         000E
start_initialization        cinit        000F
strlen@cp                   cstackCOMMON 0077
strlen@s                    cstackCOMMON 0075
wtemp0                      (abs)        007E


MODULE INFORMATION

Module		Function		Class		Link	Load	Size
testuart.c
		_SendString    		CODE           	0095	0000	51
		_InitUART      		CODE           	0108	0000	27
		_main          		CODE           	001A	0000	68
		_SendByteSerially		CODE           	0123	0000	10
		_isr           		CODE           	005E	0000	55

testuart.c estimated size: 211

/opt/microchip/xc8/v2.40/pic/sources/c90/common/strlen.c
		_strlen        		CODE           	00E8	0000	32

/opt/microchip/xc8/v2.40/pic/sources/c90/common/strlen.c estimated size: 32

shared
		__stringtab    		STRING         	00C8	0000	16
		__initialization		CODE           	000F	0000	9
		i1_SendByteSerially		CODE           	012D	0000	10

shared estimated size: 35

