Microchip MPLAB XC8 Compiler V2.40

Linker command line:

-W-3 --edf=/opt/microchip/xc8/v2.40/pic/dat/20220703182018_en.msgs -cn \
  -h+dist/default/production/testuart.X.production.sym \
  --cmf=dist/default/production/testuart.X.production.cmf -z -Q16F628A \
  -o/tmp/xcXcBcJFl --defsym=__MPLAB_BUILD=1 --fixupoverflow=error \
  -Mdist/default/production/testuart.X.production.map \
  --md=/tmp/xcXIOmBDM.dat -E1 -ver=XC8 Compiler --acfsm=1493 \
  -ACODE=00h-07FFh -ASTRCODE=00h-07FFh -ASTRING=00h-0FFhx8 \
  -ACONST=00h-0FFhx8 -AENTRY=00h-0FFhx8 -ACOMMON=070h-07Fh \
  -ABANK0=020h-06Fh -ABANK1=0A0h-0EFh -ABANK2=0120h-014Fh \
  -ARAM=020h-06Fh,0A0h-0EFh,0120h-014Fh \
  -AABS1=020h-07Fh,0A0h-0EFh,0120h-014Fh -ASFR0=00h-01Fh -ASFR1=080h-09Fh \
  -ASFR2=0100h-011Fh -ASFR3=0180h-01EFh -ACONFIG=02007h-02007h -DCONFIG=2 \
  -AIDLOC=02000h-02003h -DIDLOC=2 -AEEDATA=00h-07Fh/02100h \
  -peeprom_data=EEDATA -DEEDATA=2 -DCODE=2 -DSTRCODE=2 -DSTRING=2 -DCONST=2 \
  -DENTRY=2 -preset_vec=00h,intentry=04h,init,end_init -ppowerup=CODE \
  -pcinit=CODE -pfunctab=ENTRY -k /tmp/xcXnKLElC.o \
  dist/default/production/testuart.X.production.o 

Object code version is 3.11

Machine type is 16F628A



                Name                               Link     Load   Length Selector   Space Scale
/tmp/xcXnKLElC.o
                end_init                              E        E        1        8       0
                reset_vec                             0        0        1        0       0
                config                             2007     2007        1        0       4
                idloc                              2000     2000        4        0       5
dist/default/production/testuart.X.production.o
                cinit                                 F        F        2        8       0
                intentry                              4        4        A        8       0
                config                             2007     2007        1        0       4
                idloc                              2000     2000        4        0       5
                text8                               112      112        A      142       0
                text7                                F1       F1       17      142       0
                text6                                A1       A1       1C      142       0
                text5                                62       62       21        8       0
                text4                                BD       BD       1B      142       0
                text3                               108      108        A      142       0
                text2                                D8       D8       19      142       0
                text1                                40       40       22        8       0
                maintext                             11       11       2F        8       0
                cstackBANK0                          20       20        B       20       1
                cstackCOMMON                         70       70        C       70       1
                strings                              83       83       1E      106       0

TOTAL           Name                               Link     Load   Length     Space
        CLASS   CODE           
                end_init                              E        E        1         0
                cinit                                 F        F        2         0
                intentry                              4        4        A         0
                reset_vec                             0        0        1         0
                text8                               112      112        A         0
                text7                                F1       F1       17         0
                text6                                A1       A1       1C         0
                text5                                62       62       21         0
                text4                                BD       BD       1B         0
                text3                               108      108        A         0
                text2                                D8       D8       19         0
                text1                                40       40       22         0
                maintext                             11       11       2F         0

        CLASS   STRCODE        

        CLASS   STRING         
                strings                              83       83       1E         0

        CLASS   CONST          

        CLASS   ENTRY          

        CLASS   COMMON         
                cstackCOMMON                         70       70        C         1

        CLASS   BANK0          
                cstackBANK0                          20       20        B         1

        CLASS   BANK1          

        CLASS   BANK2          

        CLASS   RAM            

        CLASS   ABS1           
                abs_s1                               7E       7E        2         1

        CLASS   SFR0           

        CLASS   SFR1           

        CLASS   SFR2           

        CLASS   SFR3           

        CLASS   CONFIG         
                config                             2007     2007        1         4

        CLASS   IDLOC          
                idloc                              2000     2000        4         5

        CLASS   EEDATA         

        CLASS   BANK3          

        CLASS   STACK          



SEGMENTS        Name                           Load    Length   Top    Selector   Space  Class     Delta

                strings                        000083  00001E  0000A1       106       0  STRING      2
                cstackBANK0                    000020  00000B  00002B        20       1  BANK0       1
                reset_vec                      000000  000001  000001         0       0  CODE        2
                text6                          0000A1  00007B  00011C       142       0  CODE        2
                cstackCOMMON                   000070  00000C  00007C        70       1  COMMON      1
                intentry                       000004  00007F  000083         8       0  CODE        2


UNUSED ADDRESS RANGES

        Name                Unused          Largest block    Delta
        BANK0            002B-006F             45           1
        BANK1            00A0-00EF             50           1
        BANK2            0120-014F             30           1
        CODE             0001-0003              3           2
                         011C-07FF            6E4
        COMMON           007C-007D              2           1
        CONST            0001-0003              3           2
                         011C-07FF            100
        EEDATA           2100-217F             80           2
        ENTRY            0001-0003              3           2
                         011C-07FF            100
        RAM              002B-006F             45           1
                         00A0-00EF             50
                         0120-014F             30
        SFR0             0000-001F             20           1
        SFR1             0080-009F             20           1
        SFR2             0100-011F             20           1
        SFR3             0180-01EF             70           1
        STRCODE          0001-0003              3           2
                         011C-07FF            6E4
        STRING           0001-0003              3           2
                         011C-07FF            100

                                  Symbol Table

?_strlen                    cstackBANK0  0020
?i1_strlen                  cstackCOMMON 0070
SendByteSerially@Byte       cstackBANK0  0020
SendString@i                cstackBANK0  0025
SendString@str              cstackBANK0  0027
_BRGH                       (abs)        04C2
_CREN                       (abs)        00C4
_GIE                        (abs)        005F
_InitUART                   text4        00BD
_PEIE                       (abs)        005E
_RB5                        (abs)        0035
_RCIE                       (abs)        0465
_RCIF                       (abs)        0065
_RCREG                      (abs)        001A
_RX9                        (abs)        00C6
_SPBRG                      (abs)        0099
_SPEN                       (abs)        00C7
_SREN                       (abs)        00C5
_SYNC                       (abs)        04C4
_SendByteSerially           text3        0108
_SendString                 text1        0040
_TRISB                      (abs)        0086
_TRISB1                     (abs)        0431
_TRISB2                     (abs)        0432
_TX9                        (abs)        04C6
_TX9D                       (abs)        04C0
_TXEN                       (abs)        04C5
_TXIE                       (abs)        0464
_TXIF                       (abs)        0064
_TXREG                      (abs)        0019
__Habs1                     abs1         0000
__Hbank0                    bank0        0000
__Hbank1                    bank1        0000
__Hbank2                    bank2        0000
__Hbank3                    bank3        0000
__Hcinit                    cinit        0011
__Hclrtext                  clrtext      0000
__Hcode                     code         0000
__Hcommon                   common       0000
__Hconfig                   config       2008
__HcstackBANK0              cstackBANK0  0000
__HcstackCOMMON             cstackCOMMON 0000
__Heeprom_data              eeprom_data  0000
__Hend_init                 end_init     000F
__Hfunctab                  functab      0000
__Hidloc                    idloc        2004
__Hinit                     init         000E
__Hintentry                 intentry     000E
__Hmaintext                 maintext     0000
__Hpowerup                  powerup      0000
__Hram                      ram          0000
__Hreset_vec                reset_vec    0001
__Hsfr0                     sfr0         0000
__Hsfr1                     sfr1         0000
__Hsfr2                     sfr2         0000
__Hsfr3                     sfr3         0000
__Hspace_0                  (abs)        011C
__Hspace_1                  (abs)        007C
__Hspace_2                  (abs)        0000
__Hspace_3                  (abs)        0000
__Hspace_4                  (abs)        400F
__Hstack                    stack        0000
__Hstrings                  strings      0000
__Htext                     text         0000
__Labs1                     abs1         0000
__Lbank0                    bank0        0000
__Lbank1                    bank1        0000
__Lbank2                    bank2        0000
__Lbank3                    bank3        0000
__Lcinit                    cinit        000F
__Lclrtext                  clrtext      0000
__Lcode                     code         0000
__Lcommon                   common       0000
__Lconfig                   config       0000
__LcstackBANK0              cstackBANK0  0000
__LcstackCOMMON             cstackCOMMON 0000
__Leeprom_data              eeprom_data  0000
__Lend_init                 end_init     000E
__Lfunctab                  functab      0000
__Lidloc                    idloc        0000
__Linit                     init         000E
__Lintentry                 intentry     0004
__Lmaintext                 maintext     0000
__Lpowerup                  powerup      0000
__Lram                      ram          0000
__Lreset_vec                reset_vec    0000
__Lsfr0                     sfr0         0000
__Lsfr1                     sfr1         0000
__Lsfr2                     sfr2         0000
__Lsfr3                     sfr3         0000
__Lspace_0                  (abs)        0000
__Lspace_1                  (abs)        0000
__Lspace_2                  (abs)        0000
__Lspace_3                  (abs)        0000
__Lspace_4                  (abs)        0000
__Lstack                    stack        0000
__Lstrings                  strings      0000
__Ltext                     text         0000
__S0                        (abs)        011C
__S1                        (abs)        007C
__S3                        (abs)        0000
___int_sp                   stack        0000
___latbits                  (abs)        0000
___sp                       stack        0000
___stackhi                  (abs)        0000
___stacklo                  (abs)        0000
__end_of_InitUART           text4        00D8
__end_of_SendByteSerially   text3        0112
__end_of_SendString         text1        0062
__end_of__initialization    cinit        000F
__end_of__stringtab         strings      0089
__end_of_isr                text5        0083
__end_of_main               maintext     0040
__end_of_strlen             text2        00F1
__end_ofi1_SendByteSerially text8        011C
__end_ofi1_SendString       text6        00BD
__end_ofi1_strlen           text7        0108
__initialization            cinit        000F
__pcstackBANK0              cstackBANK0  0020
__pcstackCOMMON             cstackCOMMON 0070
__pintentry                 intentry     0004
__pmaintext                 maintext     0011
__pstrings                  strings      0083
__ptext1                    text1        0040
__ptext2                    text2        00D8
__ptext3                    text3        0108
__ptext4                    text4        00BD
__ptext5                    text5        0062
__ptext6                    text6        00A1
__ptext7                    text7        00F1
__ptext8                    text8        0112
__stringbase                strings      0088
__stringtab                 strings      0083
_isr                        text5        0062
_main                       maintext     0011
_strlen                     text2        00D8
btemp                       (abs)        007E
end_of_initialization       cinit        000F
i1SendByteSerially@Byte     cstackCOMMON 0070
i1SendString@i              cstackCOMMON 0076
i1SendString@str            cstackCOMMON 0075
i1_SendByteSerially         text8        0112
i1_SendString               text6        00A1
i1_strlen                   text7        00F1
i1strlen@cp                 cstackCOMMON 0074
i1strlen@s                  cstackCOMMON 0073
interrupt_function          intentry     0004
intlevel0                   functab      0000
intlevel1                   functab      0000
intlevel2                   functab      0000
intlevel3                   functab      0000
intlevel4                   functab      0000
intlevel5                   functab      0000
reset_vec                   reset_vec    0000
saved_w                     (abs)        007E
start                       init         000E
start_initialization        cinit        000F
strlen@cp                   cstackBANK0  0024
strlen@s                    cstackBANK0  0023
wtemp0                      (abs)        007E


MODULE INFORMATION

Module		Function		Class		Link	Load	Size
testuart.c
		_SendString    		CODE           	0040	0000	34
		_InitUART      		CODE           	00BD	0000	27
		_main          		CODE           	0011	0000	47
		_SendByteSerially		CODE           	0108	0000	10
		_isr           		CODE           	0062	0000	33

testuart.c estimated size: 151

/opt/microchip/xc8/v2.40/pic/sources/c90/common/strlen.c
		_strlen        		CODE           	00D8	0000	25

/opt/microchip/xc8/v2.40/pic/sources/c90/common/strlen.c estimated size: 25

shared
		__stringtab    		STRING         	0083	0000	6
		i1_SendString  		CODE           	00A1	0000	28
		__initialization		CODE           	000F	0000	1
		i1_SendByteSerially		CODE           	0112	0000	10
		i1_strlen      		CODE           	00F1	0000	23

shared estimated size: 68

